C:\Users\corso\OneDrive\Documentos\AYPR\wilson1}.py
C:\Users\corso\Downloads\Plantilla segundo parcial grupo 65.py
C:\Users\corso\Downloads\taller listas.py
C:\Users\corso\OneDrive\Documentos\AYPR\burbuja.py
C:\Users\corso\Downloads\series.py
C:\Users\corso\OneDrive\Documentos\ayed\death note.py
C:\Users\corso\OneDrive\Documentos\AYPR\los_graduados (1).py
C:\Users\corso\OneDrive\Documentos\AYPR\el_promedio.py
C:\Users\corso\Downloads\los_graduados.py
C:\Users\corso\OneDrive\Documentos\AYPR\proyecto.py
C:\Users\corso\Downloads\taller listas (1).py
C:\Users\corso\OneDrive\Documentos\AYPR\tarea_6_punto_3.py
C:\Users\corso\Downloads\proyecto.py
C:\Users\corso\OneDrive\Documentos\AYPR\tarea_6_punto_4.py
C:\Users\corso\OneDrive\Documentos\AYPR\tarea_6_punto_5.py
C:\Users\corso\Downloads\ADN.py
C:\Users\corso\OneDrive\Documentos\AYPR\tarea_6_punto_2.py
C:\Users\corso\OneDrive\Documentos\AYPR\sherlock_homes.py
C:\Users\corso\OneDrive\Documentos\AYPR\tarea_6_punto_1.py
C:\Users\corso\OneDrive\Documentos\AYPR\tarea_5_punto_5.py
C:\Users\corso\OneDrive\Documentos\AYPR\tarea_5_punto_3.py
